Microchip MPLAB XC8 Compiler V2.05 ()

Linker command line:

-W-3 --edf=D:\XC8\pic\dat\en_msgs.txt -pivt0x8=08h -cs \
  -h+dist/default/production\soft_test.X.production.sym \
  --cmf=dist/default/production\soft_test.X.production.cmf -z -Q18F25K83 \
  -oC:\Users\H\AppData\Local\Temp\s6og.2 --defsym=__MPLAB_BUILD=1 \
  -Mdist/default/production/soft_test.X.production.map -E1 -ver=XC8 \
  --acfsm=1493 -ASTACK=060h-07FFh -pstack=STACK -ACODE=00h-07FFFh \
  -ACONST=00h-07FFFh -ASMALLCONST=0800h-08FFhx120 \
  -AMEDIUMCONST=0800h-07FFFh -ACOMRAM=01h-05Fh -AABS1=00h-07FFh \
  -ABIGRAM=01h-07FFh -ARAM=060h-0FFh,0100h-01FFhx7 -ABANK0=060h-0FFh \
  -ABANK1=0100h-01FFh -ABANK2=0200h-02FFh -ABANK3=0300h-03FFh \
  -ABANK4=0400h-04FFh -ABANK5=0500h-05FFh -ABANK6=0600h-06FFh \
  -ABANK7=0700h-07FFh -ASFR=03700h-037FFhx8,03F00h-03F5Fh,03F60h-03FFFh \
  -preset_vec=00h -ppowerup=CODE,init -pramtop=0800h \
  -psmallconst=SMALLCONST -pmediumconst=MEDIUMCONST -pconst=CONST \
  -AFARRAM=00h-00h -ACONFIG=0300000h-0300009h -pconfig=CONFIG \
  -AIDLOC=0200000h-020000Fh -pidloc=IDLOC -AEEDATA=0310000h-03103FFh \
  -peeprom_data=EEDATA \
  -prdata=COMRAM,nvrram=COMRAM,nvbit=COMRAM,rbss=COMRAM,rbit=COMRAM \
  -pfarbss=FARRAM,fardata=FARRAM,nvFARRAM=FARRAM \
  -pintsave_regs=BIGRAM,bigbss=BIGRAM,bigdata=BIGRAM -pbss=RAM \
  -pidata=CODE,irdata=CODE,ibigdata=CODE,ifardata=CODE -prparam=COMRAM \
  C:\Users\H\AppData\Local\Temp\s6og.o \
  dist/default/production\soft_test.X.production.o 

Object code version is 3.11

Machine type is 18F25K83

Call graph: (short form)




                Name                               Link     Load   Length Selector   Space Scale
C:\Users\H\AppData\Local\Temp\s6og.o
                init                                 1A       1A        4        4       0
                reset_vec                             0        0        4        0       0
                idloc                            200000   200000       10   200000       0
                config                           300000   300000        A   300000       0
dist/default/production\soft_test.X.production.o
                smallconst                          800      800        E      400       0
                ivt0x8                                8        8       12        4       0
                text30                              D5E      D5E        6      407       0
                text29                              D6C      D6C        2      407       0
                text28                              C9E      C9E       20      407       0
                text27                              D54      D54        A      407       0
                text26                              D6A      D6A        2      407       0
                text25                              C7E      C7E       20      407       0
                text24                              D4A      D4A        A      407       0
                text23                              D68      D68        2      407       0
                text22                              C5E      C5E       20      407       0
                text21                              D40      D40        A      407       0
                text20                              B7E      B7E       34      407       0
                text19                              B46      B46       38      407       0
                text18                              BE4      BE4       2C      407       0
                text17                              A26      A26       54      407       0
                text16                              A7A      A7A       4C      407       0
                text15                              BB2      BB2       32      407       0
                text14                              80E      80E       B8      407       0
                text13                              D28      D28        E      407       0
                text12                              D1A      D1A        E      407       0
                text11                              D0C      D0C        E      407       0
                text10                              B06      B06       40      407       0
                text9                               C10      C10       2A      407       0
                text8                               D64      D64        4      407       0
                text7                               CF4      CF4       18      407       0
                text6                               942      942       78      407       0
                text5                               C3A      C3A       24      407       0
                text4                               CBE      CBE       1E      407       0
                text3                               9BA      9BA       6C      407       0
                text2                               D36      D36        A      407       0
                text1                               AC6      AC6       40      407       0
                text0                               8C6      8C6       7C      407       0
                cstackCOMRAM                          1        1       14        1       1
                bssCOMRAM                            1B       1B        1        1       1
                cinit                               CDC      CDC       18      407       0
                nvCOMRAM                             15       15        6        1       1

TOTAL           Name                               Link     Load   Length     Space
        CLASS   STACK          

        CLASS   CODE           
                init                                 1A       1A        4         0
                reset_vec                             0        0        4         0
                ivt0x8                                8        8       12         0
                text30                              D5E      D5E        6         0
                text29                              D6C      D6C        2         0
                text28                              C9E      C9E       20         0
                text27                              D54      D54        A         0
                text26                              D6A      D6A        2         0
                text25                              C7E      C7E       20         0
                text24                              D4A      D4A        A         0
                text23                              D68      D68        2         0
                text22                              C5E      C5E       20         0
                text21                              D40      D40        A         0
                text20                              B7E      B7E       34         0
                text19                              B46      B46       38         0
                text18                              BE4      BE4       2C         0
                text17                              A26      A26       54         0
                text16                              A7A      A7A       4C         0
                text15                              BB2      BB2       32         0
                text14                              80E      80E       B8         0
                text13                              D28      D28        E         0
                text12                              D1A      D1A        E         0
                text11                              D0C      D0C        E         0
                text10                              B06      B06       40         0
                text9                               C10      C10       2A         0
                text8                               D64      D64        4         0
                text7                               CF4      CF4       18         0
                text6                               942      942       78         0
                text5                               C3A      C3A       24         0
                text4                               CBE      CBE       1E         0
                text3                               9BA      9BA       6C         0
                text2                               D36      D36        A         0
                text1                               AC6      AC6       40         0
                text0                               8C6      8C6       7C         0
                cinit                               CDC      CDC       18         0

        CLASS   CONST          

        CLASS   SMALLCONST     
                smallconst                          800      800        E         0

        CLASS   MEDIUMCONST    

        CLASS   COMRAM         
                cstackCOMRAM                          1        1       14         1
                bssCOMRAM                            1B       1B        1         1
                nvCOMRAM                             15       15        6         1

        CLASS   ABS1           

        CLASS   BIGRAM         

        CLASS   RAM            

        CLASS   BANK0          

        CLASS   BANK1          

        CLASS   BANK2          

        CLASS   BANK3          

        CLASS   BANK4          

        CLASS   BANK5          

        CLASS   BANK6          

        CLASS   BANK7          

        CLASS   SFR            

        CLASS   FARRAM         

        CLASS   CONFIG         
                config                           300000   300000        A         0

        CLASS   IDLOC          
                idloc                            200000   200000       10         0

        CLASS   EEDATA         



SEGMENTS        Name                           Load    Length   Top    Selector   Space  Class

                reset_vec                      000000  000004  000004         0       0  CODE    
                cstackCOMRAM                   000001  00001B  00001C         1       1  COMRAM  
                ivt0x8                         000008  000016  00001E         4       0  CODE    
                smallconst                     000800  00000E  00080E       400       0  SMALLCON
                text14                         00080E  000560  000D6E       407       0  CODE    
                idloc                          200000  000010  200010    200000       0  IDLOC   
                config                         300000  00000A  30000A    300000       0  CONFIG  


UNUSED ADDRESS RANGES

        Name                Unused          Largest block    Delta
        BANK0            000060-0000FF               A0
        BANK1            000100-0001FF              100
        BANK2            000200-0002FF              100
        BANK3            000300-0003FF              100
        BANK4            000400-0004FF              100
        BANK5            000500-0005FF              100
        BANK6            000600-0006FF              100
        BANK7            000700-0007FF              100
        BIGRAM           00001C-0007FF              7E4
        CODE             000004-000007                4
                         00001E-0007FF              7E2
                         000D6E-007FFF             7292
        COMRAM           00001C-00005F               44
        CONST            000004-000007                4
                         00001E-0007FF              7E2
                         000D6E-007FFF             7292
        EEDATA           310000-3103FF              400
        MEDIUMCONST      000D6E-007FFF             7292
        RAM              000060-0007FF              100
        SFR              003700-003FFF              100
        SMALLCONST       000D6E-007FFF              100
        STACK            000060-0007FF              7A0

                                  Symbol Table

INT0_SetInterruptHandler@InterruptHandler cstackCOMRAM 000001
INT1_SetInterruptHandler@InterruptHandler cstackCOMRAM 000001
INT2_SetInterruptHandler@InterruptHandler cstackCOMRAM 000001
IVTBASEH                                  (abs)        003FD6
IVTBASEL                                  (abs)        003FD5
IVTBASEU                                  (abs)        003FD7
LcdString@p                               cstackCOMRAM 000007
Spi8b@dat                                 cstackCOMRAM 000001
Spi8b@i                                   cstackCOMRAM 000002
_ANSELA                                   (abs)        003A40
_ANSELB                                   (abs)        003A50
_ANSELC                                   (abs)        003A60
_BRGCON1                                  (abs)        003703
_BRGCON2                                  (abs)        003704
_BRGCON3                                  (abs)        003705
_CANCON                                   (abs)        003F8F
_CANRXPPS                                 (abs)        003AED
_CANSTAT                                  (abs)        003F8E
_CIOCON                                   (abs)        003700
_COMSTATbits                              (abs)        003F90
_ECANCON                                  (abs)        003F91
_ECAN_ISR_ECAN_RXB0I                      text30       000D5E
_ECAN_Initialize                          text14       00080E
_EXT_INT_Initialize                       text10       000B06
_I2C1ADB1                                 (abs)        003D6E
_I2C1CLK                                  (abs)        003D7B
_I2C1CNT                                  (abs)        003D6C
_I2C1CON0                                 (abs)        003D73
_I2C1CON0bits                             (abs)        003D73
_I2C1CON1                                 (abs)        003D74
_I2C1CON2                                 (abs)        003D75
_I2C1ERR                                  (abs)        003D76
_I2C1PIR                                  (abs)        003D79
_I2C1PIRbits                              (abs)        003D79
_I2C1RXB                                  (abs)        003D6A
_I2C1SCLPPS                               (abs)        003AE3
_I2C1SDAPPS                               (abs)        003AE4
_I2C1STAT0bits                            (abs)        003D77
_I2C1STAT1bits                            (abs)        003D78
_I2C1TXB                                  (abs)        003D6B
_I2C1_Initialize                          text9        000C10
_INLVLA                                   (abs)        003A44
_INLVLB                                   (abs)        003A54
_INLVLC                                   (abs)        003A64
_INLVLE                                   (abs)        003A84
_INT0PPS                                  (abs)        003AC0
_INT0_CallBack                            text28       000C9E
_INT0_DefaultInterruptHandler             text29       000D6C
_INT0_ISR                                 text27       000D54
_INT0_InterruptHandler                    nvCOMRAM     000019
_INT0_SetInterruptHandler                 text13       000D28
_INT1PPS                                  (abs)        003AC1
_INT1_CallBack                            text25       000C7E
_INT1_DefaultInterruptHandler             text26       000D6A
_INT1_ISR                                 text24       000D4A
_INT1_InterruptHandler                    nvCOMRAM     000017
_INT1_SetInterruptHandler                 text12       000D1A
_INT2PPS                                  (abs)        003AC2
_INT2_CallBack                            text22       000C5E
_INT2_DefaultInterruptHandler             text23       000D68
_INT2_ISR                                 text21       000D40
_INT2_InterruptHandler                    nvCOMRAM     000015
_INT2_SetInterruptHandler                 text11       000D0C
_INTCON0bits                              (abs)        003FD2
_INTERRUPT_Initialize                     text8        000D64
_INTERRUPT_InterruptManager               text20       000B7E
_LATA                                     (abs)        003FBA
_LATAbits                                 (abs)        003FBA
_LATB                                     (abs)        003FBB
_LATBbits                                 (abs)        003FBB
_LATC                                     (abs)        003FBC
_LATCbits                                 (abs)        003FBC
_LCDInit                                  text17       000A26
_LcdString                                text15       000BB2
_ODCONA                                   (abs)        003A42
_ODCONB                                   (abs)        003A52
_ODCONC                                   (abs)        003A62
_OSCCON1                                  (abs)        0039D9
_OSCCON3                                  (abs)        0039DB
_OSCEN                                    (abs)        0039DD
_OSCFRQ                                   (abs)        0039DF
_OSCILLATOR_Initialize                    text7        000CF4
_OSCTUNE                                  (abs)        0039DE
_PIE1bits                                 (abs)        003991
_PIE4bits                                 (abs)        003994
_PIE5bits                                 (abs)        003995
_PIE8bits                                 (abs)        003998
_PIN_MANAGER_Initialize                   text6        000942
_PIR1bits                                 (abs)        0039A1
_PIR4bits                                 (abs)        0039A4
_PIR5bits                                 (abs)        0039A5
_PIR8bits                                 (abs)        0039A8
_PMD0                                     (abs)        0039C0
_PMD1                                     (abs)        0039C1
_PMD2                                     (abs)        0039C2
_PMD3                                     (abs)        0039C3
_PMD4                                     (abs)        0039C4
_PMD5                                     (abs)        0039C5
_PMD6                                     (abs)        0039C6
_PMD7                                     (abs)        0039C7
_PMD_Initialize                           text5        000C3A
_RB4PPS                                   (abs)        003A0C
_RC0PPS                                   (abs)        003A10
_RC1PPS                                   (abs)        003A11
_RXB0CONbits                              (abs)        003F80
_RXB0D0                                   (abs)        003F86
_RXB0D1                                   (abs)        003F87
_RXB0D2                                   (abs)        003F88
_RXB0D3                                   (abs)        003F89
_RXB0D4                                   (abs)        003F8A
_RXB0D5                                   (abs)        003F8B
_RXB0D6                                   (abs)        003F8C
_RXB0D7                                   (abs)        003F8D
_RXB0DLC                                  (abs)        003F85
_RXB0EIDH                                 (abs)        003F83
_RXB0EIDL                                 (abs)        003F84
_RXB0SIDH                                 (abs)        003F81
_RXB0SIDL                                 (abs)        003F82
_RXB1CONbits                              (abs)        0037F0
_RXB1D0                                   (abs)        0037F6
_RXB1D1                                   (abs)        0037F7
_RXB1D2                                   (abs)        0037F8
_RXB1D3                                   (abs)        0037F9
_RXB1D4                                   (abs)        0037FA
_RXB1D5                                   (abs)        0037FB
_RXB1D6                                   (abs)        0037FC
_RXB1D7                                   (abs)        0037FD
_RXB1DLC                                  (abs)        0037F5
_RXB1EIDH                                 (abs)        0037F3
_RXB1EIDL                                 (abs)        0037F4
_RXB1SIDH                                 (abs)        0037F1
_RXB1SIDL                                 (abs)        0037F2
_RXF0EIDH                                 (abs)        0037A2
_RXF0EIDL                                 (abs)        0037A3
_RXF0SIDH                                 (abs)        0037A0
_RXF0SIDL                                 (abs)        0037A1
_RXF1EIDH                                 (abs)        0037A6
_RXF1EIDL                                 (abs)        0037A7
_RXF1SIDH                                 (abs)        0037A4
_RXF1SIDL                                 (abs)        0037A5
_RXF2EIDH                                 (abs)        0037AA
_RXF2EIDL                                 (abs)        0037AB
_RXF2SIDH                                 (abs)        0037A8
_RXF2SIDL                                 (abs)        0037A9
_RXF3EIDH                                 (abs)        0037AE
_RXF3EIDL                                 (abs)        0037AF
_RXF3SIDH                                 (abs)        0037AC
_RXF3SIDL                                 (abs)        0037AD
_RXF4EIDH                                 (abs)        0037B2
_RXF4EIDL                                 (abs)        0037B3
_RXF4SIDH                                 (abs)        0037B0
_RXF4SIDL                                 (abs)        0037B1
_RXF5EIDH                                 (abs)        0037B6
_RXF5EIDL                                 (abs)        0037B7
_RXF5SIDH                                 (abs)        0037B4
_RXF5SIDL                                 (abs)        0037B5
_RXM0EIDH                                 (abs)        0037BA
_RXM0EIDL                                 (abs)        0037BB
_RXM0SIDH                                 (abs)        0037B8
_RXM0SIDL                                 (abs)        0037B9
_RXM1EIDH                                 (abs)        0037BE
_RXM1EIDL                                 (abs)        0037BF
_RXM1SIDH                                 (abs)        0037BC
_RXM1SIDL                                 (abs)        0037BD
_SLRCONA                                  (abs)        003A43
_SLRCONB                                  (abs)        003A53
_SLRCONC                                  (abs)        003A63
_SYSTEM_Initialize                        text4        000CBE
_Spi8b                                    text19       000B46
_TRISA                                    (abs)        003FC2
_TRISB                                    (abs)        003FC3
_TRISC                                    (abs)        003FC4
_TXB0CONbits                              (abs)        0037E0
_TXB0D0                                   (abs)        0037E6
_TXB0D1                                   (abs)        0037E7
_TXB0D2                                   (abs)        0037E8
_TXB0D3                                   (abs)        0037E9
_TXB0D4                                   (abs)        0037EA
_TXB0D5                                   (abs)        0037EB
_TXB0D6                                   (abs)        0037EC
_TXB0D7                                   (abs)        0037ED
_TXB0DLC                                  (abs)        0037E5
_TXB0EIDH                                 (abs)        0037E3
_TXB0EIDL                                 (abs)        0037E4
_TXB0SIDH                                 (abs)        0037E1
_TXB0SIDL                                 (abs)        0037E2
_TXB1CONbits                              (abs)        0037D0
_TXB1D0                                   (abs)        0037D6
_TXB1D1                                   (abs)        0037D7
_TXB1D2                                   (abs)        0037D8
_TXB1D3                                   (abs)        0037D9
_TXB1D4                                   (abs)        0037DA
_TXB1D5                                   (abs)        0037DB
_TXB1D6                                   (abs)        0037DC
_TXB1D7                                   (abs)        0037DD
_TXB1DLC                                  (abs)        0037D5
_TXB1EIDH                                 (abs)        0037D3
_TXB1EIDL                                 (abs)        0037D4
_TXB1SIDH                                 (abs)        0037D1
_TXB1SIDL                                 (abs)        0037D2
_TXB2CONbits                              (abs)        0037C0
_TXB2D0                                   (abs)        0037C6
_TXB2D1                                   (abs)        0037C7
_TXB2D2                                   (abs)        0037C8
_TXB2D3                                   (abs)        0037C9
_TXB2D4                                   (abs)        0037CA
_TXB2D5                                   (abs)        0037CB
_TXB2D6                                   (abs)        0037CC
_TXB2D7                                   (abs)        0037CD
_TXB2DLC                                  (abs)        0037C5
_TXB2EIDH                                 (abs)        0037C3
_TXB2EIDL                                 (abs)        0037C4
_TXB2SIDH                                 (abs)        0037C1
_TXB2SIDL                                 (abs)        0037C2
_WPUA                                     (abs)        003A41
_WPUB                                     (abs)        003A51
_WPUC                                     (abs)        003A61
_WPUE                                     (abs)        003A81
__CFG_BBEN$OFF                            (abs)        000000
__CFG_BBSIZE$BBSIZE_512                   (abs)        000000
__CFG_BOREN$SBORDIS                       (abs)        000000
__CFG_BORV$VBOR_2P45                      (abs)        000000
__CFG_CLKOUTEN$OFF                        (abs)        000000
__CFG_CP$OFF                              (abs)        000000
__CFG_CSWEN$ON                            (abs)        000000
__CFG_DEBUG$OFF                           (abs)        000000
__CFG_FCMEN$ON                            (abs)        000000
__CFG_FEXTOSC$OFF                         (abs)        000000
__CFG_IVT1WAY$ON                          (abs)        000000
__CFG_LPBOREN$OFF                         (abs)        000000
__CFG_LVP$OFF                             (abs)        000000
__CFG_MCLRE$EXTMCLR                       (abs)        000000
__CFG_MVECEN$OFF                          (abs)        000000
__CFG_PPS1WAY$ON                          (abs)        000000
__CFG_PR1WAY$ON                           (abs)        000000
__CFG_PWRTS$PWRT_OFF                      (abs)        000000
__CFG_RSTOSC$HFINTOSC_1MHZ                (abs)        000000
__CFG_SAFEN$OFF                           (abs)        000000
__CFG_STVREN$ON                           (abs)        000000
__CFG_WDTCCS$SC                           (abs)        000000
__CFG_WDTCPS$WDTCPS_31                    (abs)        000000
__CFG_WDTCWS$WDTCWS_7                     (abs)        000000
__CFG_WDTE$OFF                            (abs)        000000
__CFG_WRTAPP$OFF                          (abs)        000000
__CFG_WRTB$OFF                            (abs)        000000
__CFG_WRTC$OFF                            (abs)        000000
__CFG_WRTD$OFF                            (abs)        000000
__CFG_WRTSAF$OFF                          (abs)        000000
__CFG_XINST$OFF                           (abs)        000000
__CFG_ZCD$OFF                             (abs)        000000
__HRAM                                    (abs)        000000
__Habs1                                   abs1         000000
__Hbank0                                  bank0        000000
__Hbank1                                  bank1        000000
__Hbank2                                  bank2        000000
__Hbank3                                  bank3        000000
__Hbank4                                  bank4        000000
__Hbank5                                  bank5        000000
__Hbank6                                  bank6        000000
__Hbank7                                  bank7        000000
__Hbigbss                                 bigbss       000000
__Hbigdata                                bigdata      000000
__Hbigram                                 bigram       000000
__Hbss                                    bss          000000
__HbssCOMRAM                              bssCOMRAM    000000
__Hcinit                                  cinit        000000
__Hclrtext                                clrtext      000000
__Hcomram                                 comram       000000
__Hconfig                                 config       30000A
__Hconst                                  const        000000
__HcstackCOMRAM                           cstackCOMRAM 000000
__Hdata                                   data         000000
__Heeprom_data                            eeprom_data  000000
__Hfarbss                                 farbss       000000
__Hfardata                                fardata      000000
__Hibigdata                               ibigdata     000000
__Hidata                                  idata        000000
__Hidloc                                  idloc        200010
__Hifardata                               ifardata     000000
__Hinit                                   init         00001E
__Hintsave_regs                           intsave_regs 000000
__Hirdata                                 irdata       000000
__Hivt0x8                                 ivt0x8       00001A
__Hmediumconst                            mediumconst  000000
__HnvCOMRAM                               nvCOMRAM     000000
__HnvFARRAM                               nvFARRAM     000000
__Hnvbit                                  nvbit        000000
__Hnvrram                                 nvrram       000000
__Hparam                                  rparam       000000
__Hpowerup                                powerup      000000
__Hram                                    ram          000000
__Hramtop                                 ramtop       000800
__Hrbit                                   rbit         000000
__Hrbss                                   rbss         000000
__Hrdata                                  rdata        000000
__Hreset_vec                              reset_vec    000004
__Hrparam                                 rparam       000000
__Hsfr                                    sfr          000000
__Hsmallconst                             smallconst   00080E
__Hspace_0                                (abs)        30000A
__Hspace_1                                (abs)        00001C
__Hspace_2                                (abs)        000000
__Hstack                                  stack        000000
__Hstruct                                 struct       000000
__Htemp                                   temp         000000
__Htext                                   text         000000
__Htext0                                  text0        000000
__Htext1                                  text1        000000
__Htext10                                 text10       000000
__Htext11                                 text11       000000
__Htext12                                 text12       000000
__Htext13                                 text13       000000
__Htext14                                 text14       000000
__Htext15                                 text15       000000
__Htext16                                 text16       000000
__Htext17                                 text17       000000
__Htext18                                 text18       000000
__Htext19                                 text19       000000
__Htext2                                  text2        000000
__Htext20                                 text20       000000
__Htext21                                 text21       000000
__Htext22                                 text22       000000
__Htext23                                 text23       000000
__Htext24                                 text24       000000
__Htext25                                 text25       000000
__Htext26                                 text26       000000
__Htext27                                 text27       000000
__Htext28                                 text28       000000
__Htext29                                 text29       000000
__Htext3                                  text3        000000
__Htext30                                 text30       000000
__Htext31                                 text31       000000
__Htext4                                  text4        000000
__Htext5                                  text5        000000
__Htext6                                  text6        000000
__Htext7                                  text7        000000
__Htext8                                  text8        000000
__Htext9                                  text9        000000
__LRAM                                    (abs)        000001
__Labs1                                   abs1         000000
__Lbank0                                  bank0        000000
__Lbank1                                  bank1        000000
__Lbank2                                  bank2        000000
__Lbank3                                  bank3        000000
__Lbank4                                  bank4        000000
__Lbank5                                  bank5        000000
__Lbank6                                  bank6        000000
__Lbank7                                  bank7        000000
__Lbigbss                                 bigbss       000000
__Lbigdata                                bigdata      000000
__Lbigram                                 bigram       000000
__Lbss                                    bss          000000
__LbssCOMRAM                              bssCOMRAM    000000
__Lcinit                                  cinit        000000
__Lclrtext                                clrtext      000000
__Lcomram                                 comram       000000
__Lconfig                                 config       300000
__Lconst                                  const        000000
__LcstackCOMRAM                           cstackCOMRAM 000000
__Ldata                                   data         000000
__Leeprom_data                            eeprom_data  000000
__Lfarbss                                 farbss       000000
__Lfardata                                fardata      000000
__Libigdata                               ibigdata     000000
__Lidata                                  idata        000000
__Lidloc                                  idloc        200000
__Lifardata                               ifardata     000000
__Linit                                   init         00001A
__Lintsave_regs                           intsave_regs 000000
__Lirdata                                 irdata       000000
__Livt0x8                                 ivt0x8       000008
__Lmediumconst                            mediumconst  000000
__LnvCOMRAM                               nvCOMRAM     000000
__LnvFARRAM                               nvFARRAM     000000
__Lnvbit                                  nvbit        000000
__Lnvrram                                 nvrram       000000
__Lparam                                  rparam       000000
__Lpowerup                                powerup      000000
__Lram                                    ram          000000
__Lramtop                                 ramtop       000800
__Lrbit                                   rbit         000000
__Lrbss                                   rbss         000000
__Lrdata                                  rdata        000000
__Lreset_vec                              reset_vec    000000
__Lrparam                                 rparam       000000
__Lsfr                                    sfr          000000
__Lsmallconst                             smallconst   000800
__Lspace_0                                (abs)        000000
__Lspace_1                                (abs)        000000
__Lspace_2                                (abs)        000000
__Lstack                                  stack        000000
__Lstruct                                 struct       000000
__Ltemp                                   temp         000000
__Ltext                                   text         000000
__Ltext0                                  text0        000000
__Ltext1                                  text1        000000
__Ltext10                                 text10       000000
__Ltext11                                 text11       000000
__Ltext12                                 text12       000000
__Ltext13                                 text13       000000
__Ltext14                                 text14       000000
__Ltext15                                 text15       000000
__Ltext16                                 text16       000000
__Ltext17                                 text17       000000
__Ltext18                                 text18       000000
__Ltext19                                 text19       000000
__Ltext2                                  text2        000000
__Ltext20                                 text20       000000
__Ltext21                                 text21       000000
__Ltext22                                 text22       000000
__Ltext23                                 text23       000000
__Ltext24                                 text24       000000
__Ltext25                                 text25       000000
__Ltext26                                 text26       000000
__Ltext27                                 text27       000000
__Ltext28                                 text28       000000
__Ltext29                                 text29       000000
__Ltext3                                  text3        000000
__Ltext30                                 text30       000000
__Ltext31                                 text31       000000
__Ltext4                                  text4        000000
__Ltext5                                  text5        000000
__Ltext6                                  text6        000000
__Ltext7                                  text7        000000
__Ltext8                                  text8        000000
__Ltext9                                  text9        000000
__S0                                      (abs)        30000A
__S1                                      (abs)        00001C
__S2                                      (abs)        000000
___inthi_sp                               stack        000000
___intlo_sp                               stack        000000
___param_bank                             (abs)        000000
___rparam_used                            (abs)        000001
___sp                                     stack        000000
__accesstop                               (abs)        000060
__activetblptr                            (abs)        000002
__end_of_ECAN_ISR_ECAN_RXB0I              text30       000D64
__end_of_ECAN_Initialize                  text14       0008C6
__end_of_EXT_INT_Initialize               text10       000B46
__end_of_I2C1_Initialize                  text9        000C3A
__end_of_INT0_CallBack                    text28       000CBE
__end_of_INT0_DefaultInterruptHandler     text29       000D6E
__end_of_INT0_ISR                         text27       000D5E
__end_of_INT0_SetInterruptHandler         text13       000D36
__end_of_INT1_CallBack                    text25       000C9E
__end_of_INT1_DefaultInterruptHandler     text26       000D6C
__end_of_INT1_ISR                         text24       000D54
__end_of_INT1_SetInterruptHandler         text12       000D28
__end_of_INT2_CallBack                    text22       000C7E
__end_of_INT2_DefaultInterruptHandler     text23       000D6A
__end_of_INT2_ISR                         text21       000D4A
__end_of_INT2_SetInterruptHandler         text11       000D1A
__end_of_INTERRUPT_Initialize             text8        000D68
__end_of_INTERRUPT_InterruptManager       text20       000BB2
__end_of_LCDInit                          text17       000A7A
__end_of_LcdString                        text15       000BE4
__end_of_OSCILLATOR_Initialize            text7        000D0C
__end_of_PIN_MANAGER_Initialize           text6        0009BA
__end_of_PMD_Initialize                   text5        000C5E
__end_of_SYSTEM_Initialize                text4        000CDC
__end_of_Spi8b                            text19       000B7E
__end_of__initialization                  cinit        000CEA
__end_of_display_char                     text3        000A26
__end_of_ledtest                          text2        000D40
__end_of_main                             text0        000942
__end_of_position                         text1        000B06
__end_of_sendCom                          text18       000C10
__end_of_sendDat                          text16       000AC6
__initialization                          cinit        000CDC
__mediumconst                             mediumconst  000000
__pbssCOMRAM                              bssCOMRAM    00001B
__pcinit                                  cinit        000CDC
__pcstackCOMRAM                           cstackCOMRAM 000001
__pivt0x8                                 ivt0x8       000008
__pnvCOMRAM                               nvCOMRAM     000015
__psmallconst                             smallconst   000800
__ptext0                                  text0        0008C6
__ptext1                                  text1        000AC6
__ptext10                                 text10       000B06
__ptext11                                 text11       000D0C
__ptext12                                 text12       000D1A
__ptext13                                 text13       000D28
__ptext14                                 text14       00080E
__ptext15                                 text15       000BB2
__ptext16                                 text16       000A7A
__ptext17                                 text17       000A26
__ptext18                                 text18       000BE4
__ptext19                                 text19       000B46
__ptext2                                  text2        000D36
__ptext20                                 text20       000B7E
__ptext21                                 text21       000D40
__ptext22                                 text22       000C5E
__ptext23                                 text23       000D68
__ptext24                                 text24       000D4A
__ptext25                                 text25       000C7E
__ptext26                                 text26       000D6A
__ptext27                                 text27       000D54
__ptext28                                 text28       000C9E
__ptext29                                 text29       000D6C
__ptext3                                  text3        0009BA
__ptext30                                 text30       000D5E
__ptext31                                 text31       000000
__ptext4                                  text4        000CBE
__ptext5                                  text5        000C3A
__ptext6                                  text6        000942
__ptext7                                  text7        000CF4
__ptext8                                  text8        000D64
__ptext9                                  text9        000C10
__ramtop                                  ramtop       000800
__size_of_ECAN_ISR_ECAN_RXB0I             (abs)        000000
__size_of_ECAN_Initialize                 (abs)        000000
__size_of_EXT_INT_Initialize              (abs)        000000
__size_of_I2C1_Initialize                 (abs)        000000
__size_of_INT0_CallBack                   (abs)        000000
__size_of_INT0_DefaultInterruptHandler    (abs)        000000
__size_of_INT0_ISR                        (abs)        000000
__size_of_INT0_SetInterruptHandler        (abs)        000000
__size_of_INT1_CallBack                   (abs)        000000
__size_of_INT1_DefaultInterruptHandler    (abs)        000000
__size_of_INT1_ISR                        (abs)        000000
__size_of_INT1_SetInterruptHandler        (abs)        000000
__size_of_INT2_CallBack                   (abs)        000000
__size_of_INT2_DefaultInterruptHandler    (abs)        000000
__size_of_INT2_ISR                        (abs)        000000
__size_of_INT2_SetInterruptHandler        (abs)        000000
__size_of_INTERRUPT_Initialize            (abs)        000000
__size_of_INTERRUPT_InterruptManager      (abs)        000000
__size_of_LCDInit                         (abs)        000000
__size_of_LcdString                       (abs)        000000
__size_of_OSCILLATOR_Initialize           (abs)        000000
__size_of_PIN_MANAGER_Initialize          (abs)        000000
__size_of_PMD_Initialize                  (abs)        000000
__size_of_SYSTEM_Initialize               (abs)        000000
__size_of_Spi8b                           (abs)        000000
__size_of_display_char                    (abs)        000000
__size_of_ledtest                         (abs)        000000
__size_of_main                            (abs)        000000
__size_of_position                        (abs)        000000
__size_of_sendCom                         (abs)        000000
__size_of_sendDat                         (abs)        000000
__smallconst                              smallconst   000800
_display_char                             text3        0009BA
_lastError                                bssCOMRAM    00001B
_ledtest                                  text2        000D36
_main                                     text0        0008C6
_position                                 text1        000AC6
_sendCom                                  text18       000BE4
_sendDat                                  text16       000A7A
display_char@char_length                  cstackCOMRAM 00000B
display_char@i                            cstackCOMRAM 000012
display_char@p                            cstackCOMRAM 00000D
display_char@x                            cstackCOMRAM 000009
display_char@y                            cstackCOMRAM 000007
end_of_initialization                     cinit        000CEA
intlevel0                                 text         000000
intlevel1                                 text         000000
intlevel2                                 text         000000
intlevel3                                 text         000000
ivt0x8_base                               ivt0x8       000008
position@pos                              cstackCOMRAM 000008
position@x                                cstackCOMRAM 000009
position@y                                cstackCOMRAM 000007
sendCom@com                               cstackCOMRAM 000006
sendCom@comh                              cstackCOMRAM 000004
sendCom@coml                              cstackCOMRAM 000005
sendDat@dat                               cstackCOMRAM 000006
sendDat@dath                              cstackCOMRAM 000004
sendDat@datl                              cstackCOMRAM 000005
stackhi                                   (abs)        0007FF
stacklo                                   (abs)        000060
start                                     init         00001A
start_initialization                      cinit        000CDC


FUNCTION INFORMATION:

 *************** function _main *****************
 Defined at:
		line 52 in file "main.c"
 Parameters:    Size  Location     Type
		None
 Auto vars:     Size  Location     Type
		None
 Return value:  Size  Location     Type
                  1    wreg      void 
 Registers used:
		wreg, status,2, status,0, tblptrl, tblptrh, tblptru, prodl, prodh, cstack
 Tracked objects:
		On entry : 
		On exit  : 
		Unchanged: 
 Data sizes:     COMRAM   BANK0   BANK1   BANK2   BANK3   BANK4   BANK5   BANK6   BANK7
      Params:         0       0       0       0       0       0       0       0       0
      Locals:         0       0       0       0       0       0       0       0       0
      Temps:          2       0       0       0       0       0       0       0       0
      Totals:         2       0       0       0       0       0       0       0       0
Total ram usage:        2 bytes
 Hardware stack levels required when called:    7
 This function calls:
		_LCDInit
		_LcdString
		_SYSTEM_Initialize
		_display_char
		_ledtest
		_position
		_sendDat
 This function is called by:
		Startup code after reset
 This function uses a non-reentrant model


 *************** function _position *****************
 Defined at:
		line 87 in file "USER_C/lcd.c"
 Parameters:    Size  Location     Type
  x               1    wreg     unsigned char 
  y               1    6[COMRAM] unsigned char 
 Auto vars:     Size  Location     Type
  x               1    8[COMRAM] unsigned char 
  pos             1    7[COMRAM] unsigned char 
 Return value:  Size  Location     Type
                  1    wreg      void 
 Registers used:
		wreg, status,2, status,0, cstack
 Tracked objects:
		On entry : 
		On exit  : 
		Unchanged: 
 Data sizes:     COMRAM   BANK0   BANK1   BANK2   BANK3   BANK4   BANK5   BANK6   BANK7
      Params:         1       0       0       0       0       0       0       0       0
      Locals:         2       0       0       0       0       0       0       0       0
      Temps:          0       0       0       0       0       0       0       0       0
      Totals:         3       0       0       0       0       0       0       0       0
Total ram usage:        3 bytes
 Hardware stack levels used:    1
 Hardware stack levels required when called:    6
 This function calls:
		_sendCom
 This function is called by:
		_main
 This function uses a non-reentrant model


 *************** function _ledtest *****************
 Defined at:
		line 3 in file "USER_C/led.c"
 Parameters:    Size  Location     Type
		None
 Auto vars:     Size  Location     Type
		None
 Return value:  Size  Location     Type
                  1    wreg      void 
 Registers used:
		None
 Tracked objects:
		On entry : 
		On exit  : 
		Unchanged: 
 Data sizes:     COMRAM   BANK0   BANK1   BANK2   BANK3   BANK4   BANK5   BANK6   BANK7
      Params:         0       0       0       0       0       0       0       0       0
      Locals:         0       0       0       0       0       0       0       0       0
      Temps:          0       0       0       0       0       0       0       0       0
      Totals:         0       0       0       0       0       0       0       0       0
Total ram usage:        0 bytes
 Hardware stack levels used:    1
 Hardware stack levels required when called:    4
 This function calls:
		Nothing
 This function is called by:
		_main
 This function uses a non-reentrant model


 *************** function _display_char *****************
 Defined at:
		line 3 in file "AP_C/AP_LCD.c"
 Parameters:    Size  Location     Type
  y               2    6[COMRAM] int 
  x               2    8[COMRAM] int 
  char_length     2   10[COMRAM] int 
  p               2   12[COMRAM] PTR unsigned char 
		 -> STR_2(5), 
 Auto vars:     Size  Location     Type
  i               1   17[COMRAM] unsigned char 
 Return value:  Size  Location     Type
                  1    wreg      void 
 Registers used:
		wreg, status,2, status,0, tblptrl, tblptrh, tblptru, prodl, prodh, cstack
 Tracked objects:
		On entry : 
		On exit  : 
		Unchanged: 
 Data sizes:     COMRAM   BANK0   BANK1   BANK2   BANK3   BANK4   BANK5   BANK6   BANK7
      Params:         8       0       0       0       0       0       0       0       0
      Locals:         1       0       0       0       0       0       0       0       0
      Temps:          3       0       0       0       0       0       0       0       0
      Totals:        12       0       0       0       0       0       0       0       0
Total ram usage:       12 bytes
 Hardware stack levels used:    1
 Hardware stack levels required when called:    6
 This function calls:
		_sendCom
		_sendDat
 This function is called by:
		_main
 This function uses a non-reentrant model


 *************** function _SYSTEM_Initialize *****************
 Defined at:
		line 50 in file "mcc_generated_files/mcc.c"
 Parameters:    Size  Location     Type
		None
 Auto vars:     Size  Location     Type
		None
 Return value:  Size  Location     Type
                  1    wreg      void 
 Registers used:
		wreg, status,2, status,0, cstack
 Tracked objects:
		On entry : 
		On exit  : 
		Unchanged: 
 Data sizes:     COMRAM   BANK0   BANK1   BANK2   BANK3   BANK4   BANK5   BANK6   BANK7
      Params:         0       0       0       0       0       0       0       0       0
      Locals:         0       0       0       0       0       0       0       0       0
      Temps:          0       0       0       0       0       0       0       0       0
      Totals:         0       0       0       0       0       0       0       0       0
Total ram usage:        0 bytes
 Hardware stack levels used:    1
 Hardware stack levels required when called:    6
 This function calls:
		_ECAN_Initialize
		_EXT_INT_Initialize
		_I2C1_Initialize
		_INTERRUPT_Initialize
		_OSCILLATOR_Initialize
		_PIN_MANAGER_Initialize
		_PMD_Initialize
 This function is called by:
		_main
 This function uses a non-reentrant model


 *************** function _PMD_Initialize *****************
 Defined at:
		line 75 in file "mcc_generated_files/mcc.c"
 Parameters:    Size  Location     Type
		None
 Auto vars:     Size  Location     Type
		None
 Return value:  Size  Location     Type
                  1    wreg      void 
 Registers used:
		wreg, status,2
 Tracked objects:
		On entry : 
		On exit  : 
		Unchanged: 
 Data sizes:     COMRAM   BANK0   BANK1   BANK2   BANK3   BANK4   BANK5   BANK6   BANK7
      Params:         0       0       0       0       0       0       0       0       0
      Locals:         0       0       0       0       0       0       0       0       0
      Temps:          0       0       0       0       0       0       0       0       0
      Totals:         0       0       0       0       0       0       0       0       0
Total ram usage:        0 bytes
 Hardware stack levels used:    1
 Hardware stack levels required when called:    4
 This function calls:
		Nothing
 This function is called by:
		_SYSTEM_Initialize
 This function uses a non-reentrant model


 *************** function _PIN_MANAGER_Initialize *****************
 Defined at:
		line 55 in file "mcc_generated_files/pin_manager.c"
 Parameters:    Size  Location     Type
		None
 Auto vars:     Size  Location     Type
		None
 Return value:  Size  Location     Type
                  1    wreg      void 
 Registers used:
		wreg, status,2
 Tracked objects:
		On entry : 
		On exit  : 
		Unchanged: 
 Data sizes:     COMRAM   BANK0   BANK1   BANK2   BANK3   BANK4   BANK5   BANK6   BANK7
      Params:         0       0       0       0       0       0       0       0       0
      Locals:         0       0       0       0       0       0       0       0       0
      Temps:          0       0       0       0       0       0       0       0       0
      Totals:         0       0       0       0       0       0       0       0       0
Total ram usage:        0 bytes
 Hardware stack levels used:    1
 Hardware stack levels required when called:    4
 This function calls:
		Nothing
 This function is called by:
		_SYSTEM_Initialize
 This function uses a non-reentrant model


 *************** function _OSCILLATOR_Initialize *****************
 Defined at:
		line 61 in file "mcc_generated_files/mcc.c"
 Parameters:    Size  Location     Type
		None
 Auto vars:     Size  Location     Type
		None
 Return value:  Size  Location     Type
                  1    wreg      void 
 Registers used:
		wreg, status,2
 Tracked objects:
		On entry : 
		On exit  : 
		Unchanged: 
 Data sizes:     COMRAM   BANK0   BANK1   BANK2   BANK3   BANK4   BANK5   BANK6   BANK7
      Params:         0       0       0       0       0       0       0       0       0
      Locals:         0       0       0       0       0       0       0       0       0
      Temps:          0       0       0       0       0       0       0       0       0
      Totals:         0       0       0       0       0       0       0       0       0
Total ram usage:        0 bytes
 Hardware stack levels used:    1
 Hardware stack levels required when called:    4
 This function calls:
		Nothing
 This function is called by:
		_SYSTEM_Initialize
 This function uses a non-reentrant model


 *************** function _INTERRUPT_Initialize *****************
 Defined at:
		line 52 in file "mcc_generated_files/interrupt_manager.c"
 Parameters:    Size  Location     Type
		None
 Auto vars:     Size  Location     Type
		None
 Return value:  Size  Location     Type
                  1    wreg      void 
 Registers used:
		None
 Tracked objects:
		On entry : 
		On exit  : 
		Unchanged: 
 Data sizes:     COMRAM   BANK0   BANK1   BANK2   BANK3   BANK4   BANK5   BANK6   BANK7
      Params:         0       0       0       0       0       0       0       0       0
      Locals:         0       0       0       0       0       0       0       0       0
      Temps:          0       0       0       0       0       0       0       0       0
      Totals:         0       0       0       0       0       0       0       0       0
Total ram usage:        0 bytes
 Hardware stack levels used:    1
 Hardware stack levels required when called:    4
 This function calls:
		Nothing
 This function is called by:
		_SYSTEM_Initialize
 This function uses a non-reentrant model


 *************** function _I2C1_Initialize *****************
 Defined at:
		line 57 in file "mcc_generated_files/i2c1.c"
 Parameters:    Size  Location     Type
		None
 Auto vars:     Size  Location     Type
		None
 Return value:  Size  Location     Type
                  1    wreg      void 
 Registers used:
		wreg, status,2
 Tracked objects:
		On entry : 
		On exit  : 
		Unchanged: 
 Data sizes:     COMRAM   BANK0   BANK1   BANK2   BANK3   BANK4   BANK5   BANK6   BANK7
      Params:         0       0       0       0       0       0       0       0       0
      Locals:         0       0       0       0       0       0       0       0       0
      Temps:          0       0       0       0       0       0       0       0       0
      Totals:         0       0       0       0       0       0       0       0       0
Total ram usage:        0 bytes
 Hardware stack levels used:    1
 Hardware stack levels required when called:    4
 This function calls:
		Nothing
 This function is called by:
		_SYSTEM_Initialize
		_i2c1_write1ByteRegister
		_i2c1_write2ByteRegister
		_i2c1_writeNBytes
		_i2c1_read1ByteRegister
		_i2c1_read2ByteRegister
		_i2c1_readDataBlock
		_i2c1_readNBytes
 This function uses a non-reentrant model


 *************** function _EXT_INT_Initialize *****************
 Defined at:
		line 113 in file "mcc_generated_files/ext_int.c"
 Parameters:    Size  Location     Type
		None
 Auto vars:     Size  Location     Type
		None
 Return value:  Size  Location     Type
                  1    wreg      void 
 Registers used:
		wreg, status,2, status,0, cstack
 Tracked objects:
		On entry : 
		On exit  : 
		Unchanged: 
 Data sizes:     COMRAM   BANK0   BANK1   BANK2   BANK3   BANK4   BANK5   BANK6   BANK7
      Params:         0       0       0       0       0       0       0       0       0
      Locals:         0       0       0       0       0       0       0       0       0
      Temps:          0       0       0       0       0       0       0       0       0
      Totals:         0       0       0       0       0       0       0       0       0
Total ram usage:        0 bytes
 Hardware stack levels used:    1
 Hardware stack levels required when called:    5
 This function calls:
		_INT0_SetInterruptHandler
		_INT1_SetInterruptHandler
		_INT2_SetInterruptHandler
 This function is called by:
		_SYSTEM_Initialize
 This function uses a non-reentrant model


 *************** function _INT2_SetInterruptHandler *****************
 Defined at:
		line 104 in file "mcc_generated_files/ext_int.c"
 Parameters:    Size  Location     Type
  InterruptHan    2    0[COMRAM] PTR FTN()void 
		 -> INT2_DefaultInterruptHandler(1), 
 Auto vars:     Size  Location     Type
		None
 Return value:  Size  Location     Type
                  1    wreg      void 
 Registers used:
		wreg, status,2, status,0
 Tracked objects:
		On entry : 
		On exit  : 
		Unchanged: 
 Data sizes:     COMRAM   BANK0   BANK1   BANK2   BANK3   BANK4   BANK5   BANK6   BANK7
      Params:         2       0       0       0       0       0       0       0       0
      Locals:         0       0       0       0       0       0       0       0       0
      Temps:          0       0       0       0       0       0       0       0       0
      Totals:         2       0       0       0       0       0       0       0       0
Total ram usage:        2 bytes
 Hardware stack levels used:    1
 Hardware stack levels required when called:    4
 This function calls:
		Nothing
 This function is called by:
		_EXT_INT_Initialize
 This function uses a non-reentrant model


 *************** function _INT1_SetInterruptHandler *****************
 Defined at:
		line 78 in file "mcc_generated_files/ext_int.c"
 Parameters:    Size  Location     Type
  InterruptHan    2    0[COMRAM] PTR FTN()void 
		 -> INT1_DefaultInterruptHandler(1), 
 Auto vars:     Size  Location     Type
		None
 Return value:  Size  Location     Type
                  1    wreg      void 
 Registers used:
		wreg, status,2, status,0
 Tracked objects:
		On entry : 
		On exit  : 
		Unchanged: 
 Data sizes:     COMRAM   BANK0   BANK1   BANK2   BANK3   BANK4   BANK5   BANK6   BANK7
      Params:         2       0       0       0       0       0       0       0       0
      Locals:         0       0       0       0       0       0       0       0       0
      Temps:          0       0       0       0       0       0       0       0       0
      Totals:         2       0       0       0       0       0       0       0       0
Total ram usage:        2 bytes
 Hardware stack levels used:    1
 Hardware stack levels required when called:    4
 This function calls:
		Nothing
 This function is called by:
		_EXT_INT_Initialize
 This function uses a non-reentrant model


 *************** function _INT0_SetInterruptHandler *****************
 Defined at:
		line 52 in file "mcc_generated_files/ext_int.c"
 Parameters:    Size  Location     Type
  InterruptHan    2    0[COMRAM] PTR FTN()void 
		 -> INT0_DefaultInterruptHandler(1), 
 Auto vars:     Size  Location     Type
		None
 Return value:  Size  Location     Type
                  1    wreg      void 
 Registers used:
		wreg, status,2, status,0
 Tracked objects:
		On entry : 
		On exit  : 
		Unchanged: 
 Data sizes:     COMRAM   BANK0   BANK1   BANK2   BANK3   BANK4   BANK5   BANK6   BANK7
      Params:         2       0       0       0       0       0       0       0       0
      Locals:         0       0       0       0       0       0       0       0       0
      Temps:          0       0       0       0       0       0       0       0       0
      Totals:         2       0       0       0       0       0       0       0       0
Total ram usage:        2 bytes
 Hardware stack levels used:    1
 Hardware stack levels required when called:    4
 This function calls:
		Nothing
 This function is called by:
		_EXT_INT_Initialize
 This function uses a non-reentrant model


 *************** function _ECAN_Initialize *****************
 Defined at:
		line 69 in file "mcc_generated_files/ecan.c"
 Parameters:    Size  Location     Type
		None
 Auto vars:     Size  Location     Type
		None
 Return value:  Size  Location     Type
                  1    wreg      void 
 Registers used:
		wreg, status,2, status,0
 Tracked objects:
		On entry : 
		On exit  : 
		Unchanged: 
 Data sizes:     COMRAM   BANK0   BANK1   BANK2   BANK3   BANK4   BANK5   BANK6   BANK7
      Params:         0       0       0       0       0       0       0       0       0
      Locals:         0       0       0       0       0       0       0       0       0
      Temps:          1       0       0       0       0       0       0       0       0
      Totals:         1       0       0       0       0       0       0       0       0
Total ram usage:        1 bytes
 Hardware stack levels used:    1
 Hardware stack levels required when called:    4
 This function calls:
		Nothing
 This function is called by:
		_SYSTEM_Initialize
 This function uses a non-reentrant model


 *************** function _LcdString *****************
 Defined at:
		line 102 in file "USER_C/lcd.c"
 Parameters:    Size  Location     Type
  p               2    6[COMRAM] PTR unsigned char 
		 -> STR_1(7), 
 Auto vars:     Size  Location     Type
		None
 Return value:  Size  Location     Type
                  1    wreg      void 
 Registers used:
		wreg, status,2, status,0, tblptrl, tblptrh, tblptru, cstack
 Tracked objects:
		On entry : 
		On exit  : 
		Unchanged: 
 Data sizes:     COMRAM   BANK0   BANK1   BANK2   BANK3   BANK4   BANK5   BANK6   BANK7
      Params:         2       0       0       0       0       0       0       0       0
      Locals:         0       0       0       0       0       0       0       0       0
      Temps:          0       0       0       0       0       0       0       0       0
      Totals:         2       0       0       0       0       0       0       0       0
Total ram usage:        2 bytes
 Hardware stack levels used:    1
 Hardware stack levels required when called:    6
 This function calls:
		_sendDat
 This function is called by:
		_main
 This function uses a non-reentrant model


 *************** function _sendDat *****************
 Defined at:
		line 69 in file "USER_C/lcd.c"
 Parameters:    Size  Location     Type
  dat             1    wreg     unsigned char 
 Auto vars:     Size  Location     Type
  dat             1    5[COMRAM] unsigned char 
  datl            1    4[COMRAM] unsigned char 
  dath            1    3[COMRAM] unsigned char 
 Return value:  Size  Location     Type
                  1    wreg      void 
 Registers used:
		wreg, status,2, status,0, cstack
 Tracked objects:
		On entry : 
		On exit  : 
		Unchanged: 
 Data sizes:     COMRAM   BANK0   BANK1   BANK2   BANK3   BANK4   BANK5   BANK6   BANK7
      Params:         0       0       0       0       0       0       0       0       0
      Locals:         3       0       0       0       0       0       0       0       0
      Temps:          1       0       0       0       0       0       0       0       0
      Totals:         4       0       0       0       0       0       0       0       0
Total ram usage:        4 bytes
 Hardware stack levels used:    1
 Hardware stack levels required when called:    5
 This function calls:
		_Spi8b
 This function is called by:
		_LcdString
		_main
		_display_char
		_display_3232
		_display_1632
		_display_12864
 This function uses a non-reentrant model


 *************** function _LCDInit *****************
 Defined at:
		line 12 in file "USER_C/lcd.c"
 Parameters:    Size  Location     Type
		None
 Auto vars:     Size  Location     Type
		None
 Return value:  Size  Location     Type
                  1    wreg      void 
 Registers used:
		wreg, status,2, status,0, cstack
 Tracked objects:
		On entry : 
		On exit  : 
		Unchanged: 
 Data sizes:     COMRAM   BANK0   BANK1   BANK2   BANK3   BANK4   BANK5   BANK6   BANK7
      Params:         0       0       0       0       0       0       0       0       0
      Locals:         0       0       0       0       0       0       0       0       0
      Temps:          1       0       0       0       0       0       0       0       0
      Totals:         1       0       0       0       0       0       0       0       0
Total ram usage:        1 bytes
 Hardware stack levels used:    1
 Hardware stack levels required when called:    6
 This function calls:
		_sendCom
 This function is called by:
		_main
 This function uses a non-reentrant model


 *************** function _sendCom *****************
 Defined at:
		line 52 in file "USER_C/lcd.c"
 Parameters:    Size  Location     Type
  com             1    wreg     unsigned char 
 Auto vars:     Size  Location     Type
  com             1    5[COMRAM] unsigned char 
  coml            1    4[COMRAM] unsigned char 
  comh            1    3[COMRAM] unsigned char 
 Return value:  Size  Location     Type
                  1    wreg      void 
 Registers used:
		wreg, status,2, status,0, cstack
 Tracked objects:
		On entry : 
		On exit  : 
		Unchanged: 
 Data sizes:     COMRAM   BANK0   BANK1   BANK2   BANK3   BANK4   BANK5   BANK6   BANK7
      Params:         0       0       0       0       0       0       0       0       0
      Locals:         3       0       0       0       0       0       0       0       0
      Temps:          1       0       0       0       0       0       0       0       0
      Totals:         4       0       0       0       0       0       0       0       0
Total ram usage:        4 bytes
 Hardware stack levels used:    1
 Hardware stack levels required when called:    5
 This function calls:
		_Spi8b
 This function is called by:
		_LCDInit
		_position
		_display_char
		_display_3232
		_display_1632
		_display_12864
 This function uses a non-reentrant model


 *************** function _Spi8b *****************
 Defined at:
		line 32 in file "USER_C/lcd.c"
 Parameters:    Size  Location     Type
  dat             1    wreg     unsigned char 
 Auto vars:     Size  Location     Type
  dat             1    0[COMRAM] unsigned char 
  i               1    1[COMRAM] unsigned char 
 Return value:  Size  Location     Type
                  1    wreg      void 
 Registers used:
		wreg, status,2, status,0
 Tracked objects:
		On entry : 
		On exit  : 
		Unchanged: 
 Data sizes:     COMRAM   BANK0   BANK1   BANK2   BANK3   BANK4   BANK5   BANK6   BANK7
      Params:         0       0       0       0       0       0       0       0       0
      Locals:         2       0       0       0       0       0       0       0       0
      Temps:          0       0       0       0       0       0       0       0       0
      Totals:         2       0       0       0       0       0       0       0       0
Total ram usage:        2 bytes
 Hardware stack levels used:    1
 Hardware stack levels required when called:    4
 This function calls:
		Nothing
 This function is called by:
		_sendCom
		_sendDat
 This function uses a non-reentrant model


 *************** function _INTERRUPT_InterruptManager *****************
 Defined at:
		line 58 in file "mcc_generated_files/interrupt_manager.c"
 Parameters:    Size  Location     Type
		None
 Auto vars:     Size  Location     Type
		None
 Return value:  Size  Location     Type
                  1    wreg      void 
 Registers used:
		wreg, status,2, status,0, pclath, tosl, cstack
 Tracked objects:
		On entry : 
		On exit  : 
		Unchanged: 
 Data sizes:     COMRAM   BANK0   BANK1   BANK2   BANK3   BANK4   BANK5   BANK6   BANK7
      Params:         0       0       0       0       0       0       0       0       0
      Locals:         0       0       0       0       0       0       0       0       0
      Temps:          0       0       0       0       0       0       0       0       0
      Totals:         0       0       0       0       0       0       0       0       0
Total ram usage:        0 bytes
 Hardware stack levels used:    1
 Hardware stack levels required when called:    3
 This function calls:
		_ECAN_ISR_ECAN_RXB0I
		_INT0_ISR
		_INT1_ISR
		_INT2_ISR
 This function is called by:
		Interrupt level 2
 This function uses a non-reentrant model


 *************** function _INT2_ISR *****************
 Defined at:
		line 86 in file "mcc_generated_files/ext_int.c"
 Parameters:    Size  Location     Type
		None
 Auto vars:     Size  Location     Type
		None
 Return value:  Size  Location     Type
                  1    wreg      void 
 Registers used:
		wreg, status,2, status,0, pclath, tosl, cstack
 Tracked objects:
		On entry : 
		On exit  : 
		Unchanged: 
 Data sizes:     COMRAM   BANK0   BANK1   BANK2   BANK3   BANK4   BANK5   BANK6   BANK7
      Params:         0       0       0       0       0       0       0       0       0
      Locals:         0       0       0       0       0       0       0       0       0
      Temps:          0       0       0       0       0       0       0       0       0
      Totals:         0       0       0       0       0       0       0       0       0
Total ram usage:        0 bytes
 Hardware stack levels used:    1
 Hardware stack levels required when called:    2
 This function calls:
		_INT2_CallBack
 This function is called by:
		_INTERRUPT_InterruptManager
 This function uses a non-reentrant model


 *************** function _INT2_CallBack *****************
 Defined at:
		line 95 in file "mcc_generated_files/ext_int.c"
 Parameters:    Size  Location     Type
		None
 Auto vars:     Size  Location     Type
		None
 Return value:  Size  Location     Type
                  1    wreg      void 
 Registers used:
		wreg, status,2, status,0, pclath, tosl, cstack
 Tracked objects:
		On entry : 
		On exit  : 
		Unchanged: 
 Data sizes:     COMRAM   BANK0   BANK1   BANK2   BANK3   BANK4   BANK5   BANK6   BANK7
      Params:         0       0       0       0       0       0       0       0       0
      Locals:         0       0       0       0       0       0       0       0       0
      Temps:          0       0       0       0       0       0       0       0       0
      Totals:         0       0       0       0       0       0       0       0       0
Total ram usage:        0 bytes
 Hardware stack levels used:    1
 Hardware stack levels required when called:    1
 This function calls:
		Absolute function
		_INT2_DefaultInterruptHandler
 This function is called by:
		_INT2_ISR
 This function uses a non-reentrant model


 *************** function _INT2_DefaultInterruptHandler *****************
 Defined at:
		line 108 in file "mcc_generated_files/ext_int.c"
 Parameters:    Size  Location     Type
		None
 Auto vars:     Size  Location     Type
		None
 Return value:  Size  Location     Type
                  1    wreg      void 
 Registers used:
		None
 Tracked objects:
		On entry : 
		On exit  : 
		Unchanged: 
 Data sizes:     COMRAM   BANK0   BANK1   BANK2   BANK3   BANK4   BANK5   BANK6   BANK7
      Params:         0       0       0       0       0       0       0       0       0
      Locals:         0       0       0       0       0       0       0       0       0
      Temps:          0       0       0       0       0       0       0       0       0
      Totals:         0       0       0       0       0       0       0       0       0
Total ram usage:        0 bytes
 Hardware stack levels used:    1
 This function calls:
		Nothing
 This function is called by:
		_EXT_INT_Initialize
		_INT2_CallBack
 This function uses a non-reentrant model


 *************** function _INT1_ISR *****************
 Defined at:
		line 60 in file "mcc_generated_files/ext_int.c"
 Parameters:    Size  Location     Type
		None
 Auto vars:     Size  Location     Type
		None
 Return value:  Size  Location     Type
                  1    wreg      void 
 Registers used:
		wreg, status,2, status,0, pclath, tosl, cstack
 Tracked objects:
		On entry : 
		On exit  : 
		Unchanged: 
 Data sizes:     COMRAM   BANK0   BANK1   BANK2   BANK3   BANK4   BANK5   BANK6   BANK7
      Params:         0       0       0       0       0       0       0       0       0
      Locals:         0       0       0       0       0       0       0       0       0
      Temps:          0       0       0       0       0       0       0       0       0
      Totals:         0       0       0       0       0       0       0       0       0
Total ram usage:        0 bytes
 Hardware stack levels used:    1
 Hardware stack levels required when called:    2
 This function calls:
		_INT1_CallBack
 This function is called by:
		_INTERRUPT_InterruptManager
 This function uses a non-reentrant model


 *************** function _INT1_CallBack *****************
 Defined at:
		line 69 in file "mcc_generated_files/ext_int.c"
 Parameters:    Size  Location     Type
		None
 Auto vars:     Size  Location     Type
		None
 Return value:  Size  Location     Type
                  1    wreg      void 
 Registers used:
		wreg, status,2, status,0, pclath, tosl, cstack
 Tracked objects:
		On entry : 
		On exit  : 
		Unchanged: 
 Data sizes:     COMRAM   BANK0   BANK1   BANK2   BANK3   BANK4   BANK5   BANK6   BANK7
      Params:         0       0       0       0       0       0       0       0       0
      Locals:         0       0       0       0       0       0       0       0       0
      Temps:          0       0       0       0       0       0       0       0       0
      Totals:         0       0       0       0       0       0       0       0       0
Total ram usage:        0 bytes
 Hardware stack levels used:    1
 Hardware stack levels required when called:    1
 This function calls:
		Absolute function
		_INT1_DefaultInterruptHandler
 This function is called by:
		_INT1_ISR
 This function uses a non-reentrant model


 *************** function _INT1_DefaultInterruptHandler *****************
 Defined at:
		line 82 in file "mcc_generated_files/ext_int.c"
 Parameters:    Size  Location     Type
		None
 Auto vars:     Size  Location     Type
		None
 Return value:  Size  Location     Type
                  1    wreg      void 
 Registers used:
		None
 Tracked objects:
		On entry : 
		On exit  : 
		Unchanged: 
 Data sizes:     COMRAM   BANK0   BANK1   BANK2   BANK3   BANK4   BANK5   BANK6   BANK7
      Params:         0       0       0       0       0       0       0       0       0
      Locals:         0       0       0       0       0       0       0       0       0
      Temps:          0       0       0       0       0       0       0       0       0
      Totals:         0       0       0       0       0       0       0       0       0
Total ram usage:        0 bytes
 Hardware stack levels used:    1
 This function calls:
		Nothing
 This function is called by:
		_EXT_INT_Initialize
		_INT1_CallBack
 This function uses a non-reentrant model


 *************** function _INT0_ISR *****************
 Defined at:
		line 34 in file "mcc_generated_files/ext_int.c"
 Parameters:    Size  Location     Type
		None
 Auto vars:     Size  Location     Type
		None
 Return value:  Size  Location     Type
                  1    wreg      void 
 Registers used:
		wreg, status,2, status,0, pclath, tosl, cstack
 Tracked objects:
		On entry : 
		On exit  : 
		Unchanged: 
 Data sizes:     COMRAM   BANK0   BANK1   BANK2   BANK3   BANK4   BANK5   BANK6   BANK7
      Params:         0       0       0       0       0       0       0       0       0
      Locals:         0       0       0       0       0       0       0       0       0
      Temps:          0       0       0       0       0       0       0       0       0
      Totals:         0       0       0       0       0       0       0       0       0
Total ram usage:        0 bytes
 Hardware stack levels used:    1
 Hardware stack levels required when called:    2
 This function calls:
		_INT0_CallBack
 This function is called by:
		_INTERRUPT_InterruptManager
 This function uses a non-reentrant model


 *************** function _INT0_CallBack *****************
 Defined at:
		line 43 in file "mcc_generated_files/ext_int.c"
 Parameters:    Size  Location     Type
		None
 Auto vars:     Size  Location     Type
		None
 Return value:  Size  Location     Type
                  1    wreg      void 
 Registers used:
		wreg, status,2, status,0, pclath, tosl, cstack
 Tracked objects:
		On entry : 
		On exit  : 
		Unchanged: 
 Data sizes:     COMRAM   BANK0   BANK1   BANK2   BANK3   BANK4   BANK5   BANK6   BANK7
      Params:         0       0       0       0       0       0       0       0       0
      Locals:         0       0       0       0       0       0       0       0       0
      Temps:          0       0       0       0       0       0       0       0       0
      Totals:         0       0       0       0       0       0       0       0       0
Total ram usage:        0 bytes
 Hardware stack levels used:    1
 Hardware stack levels required when called:    1
 This function calls:
		Absolute function
		_INT0_DefaultInterruptHandler
 This function is called by:
		_INT0_ISR
 This function uses a non-reentrant model


 *************** function _INT0_DefaultInterruptHandler *****************
 Defined at:
		line 56 in file "mcc_generated_files/ext_int.c"
 Parameters:    Size  Location     Type
		None
 Auto vars:     Size  Location     Type
		None
 Return value:  Size  Location     Type
                  1    wreg      void 
 Registers used:
		None
 Tracked objects:
		On entry : 
		On exit  : 
		Unchanged: 
 Data sizes:     COMRAM   BANK0   BANK1   BANK2   BANK3   BANK4   BANK5   BANK6   BANK7
      Params:         0       0       0       0       0       0       0       0       0
      Locals:         0       0       0       0       0       0       0       0       0
      Temps:          0       0       0       0       0       0       0       0       0
      Totals:         0       0       0       0       0       0       0       0       0
Total ram usage:        0 bytes
 Hardware stack levels used:    1
 This function calls:
		Nothing
 This function is called by:
		_EXT_INT_Initialize
		_INT0_CallBack
 This function uses a non-reentrant model


 *************** function _ECAN_ISR_ECAN_RXB0I *****************
 Defined at:
		line 62 in file "mcc_generated_files/ecan.c"
 Parameters:    Size  Location     Type
		None
 Auto vars:     Size  Location     Type
		None
 Return value:  Size  Location     Type
                  1    wreg      void 
 Registers used:
		None
 Tracked objects:
		On entry : 
		On exit  : 
		Unchanged: 
 Data sizes:     COMRAM   BANK0   BANK1   BANK2   BANK3   BANK4   BANK5   BANK6   BANK7
      Params:         0       0       0       0       0       0       0       0       0
      Locals:         0       0       0       0       0       0       0       0       0
      Temps:          0       0       0       0       0       0       0       0       0
      Totals:         0       0       0       0       0       0       0       0       0
Total ram usage:        0 bytes
 Hardware stack levels used:    1
 This function calls:
		Nothing
 This function is called by:
		_INTERRUPT_InterruptManager
 This function uses a non-reentrant model



MODULE INFORMATION

Module		Function		Class		Link	Load	Size
AP_C/AP_LCD.c
		_display_char  		CODE           	09BA	0000	109

AP_C/AP_LCD.c estimated size: 109

mcc_generated_files/interrupt_manager.c
		_INTERRUPT_Initialize		CODE           	0D64	0000	5
		_INTERRUPT_InterruptManager		CODE           	0B7E	0000	53

mcc_generated_files/interrupt_manager.c estimated size: 58

USER_C/lcd.c
		_position      		CODE           	0AC6	0000	65
		_LCDInit       		CODE           	0A26	0000	85
		_sendCom       		CODE           	0BE4	0000	45
		_Spi8b         		CODE           	0B46	0000	57
		_sendDat       		CODE           	0A7A	0000	77
		_LcdString     		CODE           	0BB2	0000	51

USER_C/lcd.c estimated size: 380

mcc_generated_files/i2c1.c
		_I2C1_Initialize		CODE           	0C10	0000	43

mcc_generated_files/i2c1.c estimated size: 43

mcc_generated_files/pin_manager.c
		_PIN_MANAGER_Initialize		CODE           	0942	0000	121

mcc_generated_files/pin_manager.c estimated size: 121

USER_C/led.c
		_ledtest       		CODE           	0D36	0000	11

USER_C/led.c estimated size: 11

mcc_generated_files/ecan.c
		_ECAN_ISR_ECAN_RXB0I		CODE           	0D5E	0000	7
		_ECAN_Initialize		CODE           	080E	0000	185

mcc_generated_files/ecan.c estimated size: 192

mcc_generated_files/ext_int.c
		_INT0_SetInterruptHandler		CODE           	0D28	0000	15
		_INT1_SetInterruptHandler		CODE           	0D1A	0000	15
		_EXT_INT_Initialize		CODE           	0B06	0000	65
		_INT2_SetInterruptHandler		CODE           	0D0C	0000	15
		_INT0_DefaultInterruptHandler		CODE           	0D6C	0000	3
		_INT0_CallBack 		CODE           	0C9E	0000	33
		_INT1_DefaultInterruptHandler		CODE           	0D6A	0000	3
		_INT1_CallBack 		CODE           	0C7E	0000	33
		_INT2_DefaultInterruptHandler		CODE           	0D68	0000	3
		_INT2_CallBack 		CODE           	0C5E	0000	33
		_INT0_ISR      		CODE           	0D54	0000	11
		_INT1_ISR      		CODE           	0D4A	0000	11
		_INT2_ISR      		CODE           	0D40	0000	11

mcc_generated_files/ext_int.c estimated size: 251

shared
		__initialization		CODE           	0CDC	0000	15

shared estimated size: 15

mcc_generated_files/mcc.c
		_PMD_Initialize		CODE           	0C3A	0000	37
		_OSCILLATOR_Initialize		CODE           	0CF4	0000	25
		_SYSTEM_Initialize		CODE           	0CBE	0000	31

mcc_generated_files/mcc.c estimated size: 93

main.c
		_main          		CODE           	08C6	0000	125

main.c estimated size: 125

